
Running 4 tests using 1 worker

  Γ£ô  1 [chromium] ΓÇ║ tests\e2e.spec.ts:25:7 ΓÇ║ ≡ƒöÉ ─É─âng nhß║¡p ΓÇ║ Hiß╗ân thß╗ï form ─æ─âng nhß║¡p (1.7s)
  Γ£ô  2 [chromium] ΓÇ║ tests\e2e.spec.ts:32:7 ΓÇ║ ≡ƒöÉ ─É─âng nhß║¡p ΓÇ║ ─É─âng nhß║¡p sai hiß╗ân thß╗ï lß╗ùi (2.0s)
  Γ£ô  3 [chromium] ΓÇ║ tests\e2e.spec.ts:39:7 ΓÇ║ ≡ƒöÉ ─É─âng nhß║¡p ΓÇ║ ─É─âng nhß║¡p ─æ├║ng v├áo dashboard (2.6s)
  Γ£ô  4 [chromium] ΓÇ║ tests\e2e.spec.ts:87:7 ΓÇ║ ≡ƒº¡ ─Éiß╗üu h╞░ß╗¢ng ΓÇ║ Tß║Ñt cß║ú tabs ─æß╗üu hoß║ít ─æß╗Öng (5.0s)

  4 passed (17.1s)
